.venv/bin/python -m src.cli.main -v recovery --source pooled --replicates 10
00:34:45 INFO  Slate(matches=4053, events=98848, goals=11207, cards=871) -> Slate(matches=4053, events=94571, goals=11207, cards=871)

=== recovery test ===
{
  "raw": {
    "matches": 4053,
    "events": 98848,
    "events_per_match_mean": 24.38884776708611,
    "seasons": [
      2004,
      2005,
      2006,
      2007,
      2008,
      2009,
      2010,
      2011,
      2012,
      2013,
      2014,
      2015,
      2016,
      2017,
      2018
    ],
    "leagues": [
      "1. Bundesliga",
      "FA Women's Super League",
      "FIFA World Cup",
      "La Liga",
      "Ligue 1",
      "NWSL",
      "Premier League",
      "Serie A",
      "UEFA Euro"
    ],
    "situations": {
      "open": 92761,
      "setpiece": 4940,
      "penalty": 1147
    },
    "goals": 10845,
    "red_cards_known": true,
    "mean_xg": 0.1062982590558817,
    "strata": {
      "matches_by_source": {
        "statsbomb": 2112,
        "wyscout": 1941
      },
      "matches_by_gender": {
        "female": 143,
        "male": 3910
      },
      "one_club_matches": 452
    }
  },
  "prepared": {
    "threshold_seconds": 4.0,
    "n_before": 98848,
    "n_after": 94571,
    "removed_fraction": 0.04326845257364842,
    "max_run_length": 4,
    "collapsed_events": 4016,
    "collapses_at_half_boundaries": 84,
    "guard_enforced": true,
    "jitter_seed": 20260910,
    "remaining_exact_ties": 0
  },
  "results": {
    "joint": {
      "eta_planted": 0.3,
      "eta_cross_planted": 0.05,
      "beta_planted": 0.2,
      "tau_planted_minutes": 5.0,
      "n_replicates": 10,
      "mean_eta_hat_self": 0.27757534898883124,
      "sd_eta_hat_self": 0.005042906388605193,
      "bias": -0.02242465101116875,
      "mean_tau_hat": 4.627961423497615,
      "tolerance": 0.08,
      "passed": true
    }
  }
}
.venv/bin/python -m src.cli.main -v power --source pooled --replicates 30
00:58:32 INFO  Slate(matches=4053, events=98848, goals=11207, cards=871) -> Slate(matches=4053, events=94571, goals=11207, cards=871)
00:59:03 INFO  simulating with a continuous clock
01:14:59 INFO    eta*=0.00  10/200
01:31:03 INFO    eta*=0.00  20/200
01:47:17 INFO    eta*=0.00  30/200
02:11:02 INFO    eta*=0.00  40/200
02:39:27 INFO    eta*=0.00  50/200
02:48:51 INFO    eta*=0.00  60/200
02:58:13 INFO    eta*=0.00  70/200
03:07:03 INFO    eta*=0.00  80/200
03:16:22 INFO    eta*=0.00  90/200
03:25:48 INFO    eta*=0.00  100/200
03:35:07 INFO    eta*=0.00  110/200
03:44:36 INFO    eta*=0.00  120/200
03:53:45 INFO    eta*=0.00  130/200
04:20:16 INFO    eta*=0.00  140/200
04:29:52 INFO    eta*=0.00  150/200
04:39:13 INFO    eta*=0.00  160/200
04:48:42 INFO    eta*=0.00  170/200
04:58:30 INFO    eta*=0.00  180/200
05:08:02 INFO    eta*=0.00  190/200
05:17:40 INFO    eta*=0.00  200/200
05:27:20 INFO    eta*=0.02  10/30
05:37:25 INFO    eta*=0.02  20/30
06:02:30 INFO    eta*=0.02  30/30
06:11:43 INFO    eta*=0.05  10/30
06:20:42 INFO    eta*=0.05  20/30
06:29:39 INFO    eta*=0.05  30/30
06:40:11 INFO    eta*=0.10  10/30
06:50:42 INFO    eta*=0.10  20/30
07:01:22 INFO    eta*=0.10  30/30
07:28:04 INFO    eta*=0.15  10/30
07:39:26 INFO    eta*=0.15  20/30
07:51:02 INFO    eta*=0.15  30/30
08:03:04 INFO    eta*=0.20  10/30
08:15:22 INFO    eta*=0.20  20/30
08:36:22 INFO    eta*=0.20  30/30
08:49:46 INFO    eta*=0.30  10/30
09:03:59 INFO    eta*=0.30  20/30
09:17:29 INFO    eta*=0.30  30/30

=== detection floor ===
{
  "raw": {
    "matches": 4053,
    "events": 98848,
    "events_per_match_mean": 24.38884776708611,
    "seasons": [
      2004,
      2005,
      2006,
      2007,
      2008,
      2009,
      2010,
      2011,
      2012,
      2013,
      2014,
      2015,
      2016,
      2017,
      2018
    ],
    "leagues": [
      "1. Bundesliga",
      "FA Women's Super League",
      "FIFA World Cup",
      "La Liga",
      "Ligue 1",
      "NWSL",
      "Premier League",
      "Serie A",
      "UEFA Euro"
    ],
    "situations": {
      "open": 92761,
      "setpiece": 4940,
      "penalty": 1147
    },
    "goals": 10845,
    "red_cards_known": true,
    "mean_xg": 0.1062982590558817,
    "strata": {
      "matches_by_source": {
        "statsbomb": 2112,
        "wyscout": 1941
      },
      "matches_by_gender": {
        "female": 143,
        "male": 3910
      },
      "one_club_matches": 452
    }
  },
  "prepared": {
    "threshold_seconds": 4.0,
    "n_before": 98848,
    "n_after": 94571,
    "removed_fraction": 0.04326845257364842,
    "max_run_length": 4,
    "collapsed_events": 4016,
    "collapses_at_half_boundaries": 84,
    "guard_enforced": true,
    "jitter_seed": 20260910,
    "remaining_exact_ties": 0
  },
  "critical_value": 4.888283617705578e-05,
  "alpha": 0.05,
  "target_power": 0.8,
  "detection_floor": 0.02,
  "detection_floor_interpolated": 0.015789473684210527,
  "curve": [
    {
      "eta_star": 0.0,
      "n_replicates": 200,
      "power": 0.05,
      "mean_eta_hat": 1.7793867403086397e-05,
      "median_eta_hat": 1.2029445976568944e-05,
      "sd_eta_hat": 1.7593332216234996e-05,
      "bias": 1.7793867403086397e-05,
      "mean_n_events": 98033.92
    },
    {
      "eta_star": 0.02,
      "n_replicates": 30,
      "power": 1.0,
      "mean_eta_hat": 0.006843134046292069,
      "median_eta_hat": 0.006628018120215871,
      "sd_eta_hat": 0.002990891650995062,
      "bias": -0.013156865953707932,
      "mean_n_events": 100087.33333333333
    },
    {
      "eta_star": 0.05,
      "n_replicates": 30,
      "power": 1.0,
      "mean_eta_hat": 0.033831444593685894,
      "median_eta_hat": 0.03349434355406618,
      "sd_eta_hat": 0.0033392441534917027,
      "bias": -0.01616855540631411,
      "mean_n_events": 103221.33333333333
    },
    {
      "eta_star": 0.1,
      "n_replicates": 30,
      "power": 1.0,
      "mean_eta_hat": 0.07957667021324492,
      "median_eta_hat": 0.07972172459012508,
      "sd_eta_hat": 0.003799965976231696,
      "bias": -0.02042332978675508,
      "mean_n_events": 108861.26666666666
    },
    {
      "eta_star": 0.15,
      "n_replicates": 30,
      "power": 1.0,
      "mean_eta_hat": 0.12744898308902142,
      "median_eta_hat": 0.12784360725268767,
      "sd_eta_hat": 0.0037762184822318664,
      "bias": -0.022551016910978577,
      "mean_n_events": 115168.1
    },
    {
      "eta_star": 0.2,
      "n_replicates": 30,
      "power": 1.0,
      "mean_eta_hat": 0.17723412220127396,
      "median_eta_hat": 0.17720341763213546,
      "sd_eta_hat": 0.0031560414073934706,
      "bias": -0.022765877798726047,
      "mean_n_events": 122204.63333333333
    },
    {
      "eta_star": 0.3,
      "n_replicates": 30,
      "power": 1.0,
      "mean_eta_hat": 0.27817172579705335,
      "median_eta_hat": 0.2772949899108692,
      "sd_eta_hat": 0.004119111522866988,
      "bias": -0.02182827420294664,
      "mean_n_events": 139384.93333333332
    }
  ],
  "config": {
    "eta_grid": [
      0.0,
      0.02,
      0.05,
      0.1,
      0.15,
      0.2,
      0.3
    ],
    "replicates": 30,
    "null_replicates": 200,
    "alpha": 0.05,
    "target_power": 0.8,
    "seed": 5694
  },
  "minute_clock": false,
  "clock_note": "simulated slates kept their continuous clock, matching the source"
}
.venv/bin/python -m src.cli.main -v tau-profile --source pooled
09:17:31 INFO  Slate(matches=4053, events=98848, goals=11207, cards=871) -> Slate(matches=4053, events=94571, goals=11207, cards=871)

=== tau profile ===
{
  "raw": {
    "matches": 4053,
    "events": 98848,
    "events_per_match_mean": 24.38884776708611,
    "seasons": [
      2004,
      2005,
      2006,
      2007,
      2008,
      2009,
      2010,
      2011,
      2012,
      2013,
      2014,
      2015,
      2016,
      2017,
      2018
    ],
    "leagues": [
      "1. Bundesliga",
      "FA Women's Super League",
      "FIFA World Cup",
      "La Liga",
      "Ligue 1",
      "NWSL",
      "Premier League",
      "Serie A",
      "UEFA Euro"
    ],
    "situations": {
      "open": 92761,
      "setpiece": 4940,
      "penalty": 1147
    },
    "goals": 10845,
    "red_cards_known": true,
    "mean_xg": 0.1062982590558817,
    "strata": {
      "matches_by_source": {
        "statsbomb": 2112,
        "wyscout": 1941
      },
      "matches_by_gender": {
        "female": 143,
        "male": 3910
      },
      "one_club_matches": 452
    }
  },
  "prepared": {
    "threshold_seconds": 4.0,
    "n_before": 98848,
    "n_after": 94571,
    "removed_fraction": 0.04326845257364842,
    "max_run_length": 4,
    "collapsed_events": 4016,
    "collapses_at_half_boundaries": 84,
    "guard_enforced": true,
    "jitter_seed": 20260910,
    "remaining_exact_ties": 0
  },
  "profile": [
    {
      "tau_minutes": 2.0,
      "eta_self": 5.060438521614544e-09,
      "eta_cross": 4.5497637198993493e-11,
      "loglik": -285212.1140306614,
      "delta_loglik_vs_best": -11.822704175894614
    },
    {
      "tau_minutes": 3.0,
      "eta_self": 9.280151541309098e-08,
      "eta_cross": 1.0911659924060089e-09,
      "loglik": -285212.09468289267,
      "delta_loglik_vs_best": -11.803356407152023
    },
    {
      "tau_minutes": 4.0,
      "eta_self": 6.1859606743248074e-09,
      "eta_cross": 2.0271843954268845e-11,
      "loglik": -285212.1019557565,
      "delta_loglik_vs_best": -11.810629270970821
    },
    {
      "tau_minutes": 5.0,
      "eta_self": 1.3846750955350213e-08,
      "eta_cross": 4.3210725429657414e-11,
      "loglik": -285212.1108834521,
      "delta_loglik_vs_best": -11.819556966598611
    },
    {
      "tau_minutes": 6.0,
      "eta_self": 1.0294589920895402e-06,
      "eta_cross": 1.2806626738775685e-08,
      "loglik": -285212.1233591369,
      "delta_loglik_vs_best": -11.832032651407644
    },
    {
      "tau_minutes": 8.0,
      "eta_self": 1.49378745956294e-05,
      "eta_cross": 3.290785957837179e-07,
      "loglik": -285212.06418769265,
      "delta_loglik_vs_best": -11.772861207136884
    },
    {
      "tau_minutes": 10.0,
      "eta_self": 6.853367317299908e-05,
      "eta_cross": 2.343551033453292e-06,
      "loglik": -285212.0869418509,
      "delta_loglik_vs_best": -11.79561536537949
    },
    {
      "tau_minutes": 14.0,
      "eta_self": 0.019783608233183946,
      "eta_cross": 0.0004130411089985373,
      "loglik": -285208.250802505,
      "delta_loglik_vs_best": -7.959476019488648
    },
    {
      "tau_minutes": 20.0,
      "eta_self": 0.033337029657713624,
      "eta_cross": 5.094632684519474e-05,
      "loglik": -285203.0463122931,
      "delta_loglik_vs_best": -2.754985807579942
    },
    {
      "tau_minutes": 30.0,
      "eta_self": 0.046863587004008736,
      "eta_cross": 3.4963747616047036e-05,
      "loglik": -285201.0121002996,
      "delta_loglik_vs_best": -0.7207738140714355
    },
    {
      "tau_minutes": 45.0,
      "eta_self": 0.06258273194393178,
      "eta_cross": 9.817821817237282e-05,
      "loglik": -285200.2913264855,
      "delta_loglik_vs_best": 0.0
    }
  ],
  "best_tau": 45.0,
  "loglik_range": 11.832032651407644,
  "eta_at_tau_5": 1.3846750955350213e-08,
  "note": "A log-likelihood range of only a few units across a wide tau band means the timescale is not identified: eta_self and tau trade off almost freely, and eta_self must be reported with the band it was fitted in."
}
.venv/bin/python -m src.cli.main -v rounding-bias --source pooled

=== rounding bias (pooled) ===
{
  "source": "pooled",
  "matches": 4053,
  "seasons": [
    2004,
    2005,
    2006,
    2007,
    2008,
    2009,
    2010,
    2011,
    2012,
    2013,
    2014,
    2015,
    2016,
    2017,
    2018
  ],
  "second_resolution": {
    "eta_self": 2.448851260506592e-07,
    "eta_cross": 2.114948797690729e-09,
    "beta": 0.13308677231684568,
    "tau_minutes": 7.513894751457755,
    "spectral_radius": 2.4700007484834996e-07,
    "loglik": -285212.10415833426,
    "converged": true,
    "n_iter": 203,
    "n_events": 93424,
    "n_matches": 4053,
    "mu_fit": "joint MLE (mu and the kernel fitted together)",
    "tau_at_boundary": false,
    "dedup": {
      "threshold_seconds": 4.0,
      "n_before": 98848,
      "n_after": 94571,
      "removed_fraction": 0.04326845257364842,
      "max_run_length": 4,
      "collapsed_events": 4016,
      "collapses_at_half_boundaries": 84,
      "guard_enforced": true
    }
  },
  "minute_resolution": {
    "dedup": {
      "threshold_seconds": 4.0,
      "n_before": 98848,
      "n_after": 89833,
      "removed_fraction": 0.09120063127225642,
      "max_run_length": 6,
      "collapsed_events": 8254,
      "collapses_at_half_boundaries": 173,
      "guard_enforced": true
    },
    "eta_self_mean": 1.3272730710175057e-08,
    "eta_self_sd": 7.466137369056447e-09,
    "eta_cross_mean": 3.029887330786904e-09,
    "tau_mean": 7.7572176142976925,
    "jitter_draws": [
      {
        "draw": 0,
        "seed": 20260910,
        "eta_self": 1.4518330117839365e-08,
        "eta_cross": 3.3292281650666944e-09,
        "tau": 7.742281292892177,
        "n_events": 89833
      },
      {
        "draw": 1,
        "seed": 20260911,
        "eta_self": 2.1178376382016856e-08,
        "eta_cross": 4.996956208421176e-09,
        "tau": 7.7241985974884875,
        "n_events": 89833
      },
      {
        "draw": 2,
        "seed": 20260912,
        "eta_self": 1.788998242610868e-08,
        "eta_cross": 4.0667382524318095e-09,
        "tau": 7.732145817140571,
        "n_events": 89833
      },
      {
        "draw": 3,
        "seed": 20260913,
        "eta_self": 1.1015431202927773e-08,
        "eta_cross": 2.435630610244465e-09,
        "tau": 7.753719411202176,
        "n_events": 89833
      },
      {
        "draw": 4,
        "seed": 20260914,
        "eta_self": 1.7615334219826152e-09,
        "eta_cross": 3.2088341777037614e-10,
        "tau": 7.833742952765048,
        "n_events": 89833
      }
    ]
  },
  "rounding_bias_eta_self": -2.3161239534048416e-07,
  "extra_events_removed_by_rounding": 4738
}
.venv/bin/python -m src.cli.main -v estimator-comparison --source pooled
09:30:46 INFO  Slate(matches=4053, events=98848, goals=11207, cards=871) -> Slate(matches=4053, events=94571, goals=11207, cards=871)

=== estimator comparison ===
{
  "raw": {
    "matches": 4053,
    "events": 98848,
    "events_per_match_mean": 24.38884776708611,
    "seasons": [
      2004,
      2005,
      2006,
      2007,
      2008,
      2009,
      2010,
      2011,
      2012,
      2013,
      2014,
      2015,
      2016,
      2017,
      2018
    ],
    "leagues": [
      "1. Bundesliga",
      "FA Women's Super League",
      "FIFA World Cup",
      "La Liga",
      "Ligue 1",
      "NWSL",
      "Premier League",
      "Serie A",
      "UEFA Euro"
    ],
    "situations": {
      "open": 92761,
      "setpiece": 4940,
      "penalty": 1147
    },
    "goals": 10845,
    "red_cards_known": true,
    "mean_xg": 0.1062982590558817,
    "strata": {
      "matches_by_source": {
        "statsbomb": 2112,
        "wyscout": 1941
      },
      "matches_by_gender": {
        "female": 143,
        "male": 3910
      },
      "one_club_matches": 452
    }
  },
  "prepared": {
    "threshold_seconds": 4.0,
    "n_before": 98848,
    "n_after": 94571,
    "removed_fraction": 0.04326845257364842,
    "max_run_length": 4,
    "collapsed_events": 4016,
    "collapses_at_half_boundaries": 84,
    "guard_enforced": true,
    "jitter_seed": 20260910,
    "remaining_exact_ties": 0
  },
  "summary": [
    {
      "method": "em",
      "eta_star": 0.0,
      "mean_eta_hat": 1.398146312899337e-13,
      "mean_tau": 4.657244775250658,
      "mean_loglik": -294791.9384115355,
      "bias": 1.398146312899337e-13
    },
    {
      "method": "em",
      "eta_star": 0.1,
      "mean_eta_hat": 0.06838130410793047,
      "mean_tau": 3.0000000008610823,
      "mean_loglik": -315855.97942436003,
      "bias": -0.03161869589206953
    },
    {
      "method": "em",
      "eta_star": 0.3,
      "mean_eta_hat": 0.2521455193071331,
      "mean_tau": 3.968009508834984,
      "mean_loglik": -365449.5927075143,
      "bias": -0.04785448069286691
    },
    {
      "method": "joint",
      "eta_star": 0.0,
      "mean_eta_hat": 2.3635805688124835e-05,
      "mean_tau": 4.93381586605535,
      "mean_loglik": -294789.5934373878,
      "bias": 2.3635805688124835e-05
    },
    {
      "method": "joint",
      "eta_star": 0.1,
      "mean_eta_hat": 0.08108223473051113,
      "mean_tau": 4.138663618296466,
      "mean_loglik": -315841.4386449183,
      "bias": -0.01891776526948888
    },
    {
      "method": "joint",
      "eta_star": 0.3,
      "mean_eta_hat": 0.2771173396941383,
      "mean_tau": 4.662757527537297,
      "mean_loglik": -365382.84334286675,
      "bias": -0.02288266030586167
    },
    {
      "method": "two_stage",
      "eta_star": 0.0,
      "mean_eta_hat": 1.42632233246028e-14,
      "mean_tau": 3.0,
      "mean_loglik": -294844.3793477163,
      "bias": 1.42632233246028e-14
    },
    {
      "method": "two_stage",
      "eta_star": 0.1,
      "mean_eta_hat": 0.0350284443452983,
      "mean_tau": 3.000000000010727,
      "mean_loglik": -316102.4717094231,
      "bias": -0.0649715556547017
    },
    {
      "method": "two_stage",
      "eta_star": 0.3,
      "mean_eta_hat": 0.11596280095313216,
      "mean_tau": 3.0,
      "mean_loglik": -367586.51617126557,
      "bias": -0.18403719904686783
    }
  ]
}
.venv/bin/python -m src.cli.main -v fit --source pooled --split dev \
		--bootstrap 500 --cluster-bootstrap 200
09:53:44 INFO  Slate(matches=4053, events=98848, goals=11207, cards=871) -> Slate(matches=4053, events=94571, goals=11207, cards=871)
10:39:37 INFO    null bootstrap 25/500
11:01:43 INFO    null bootstrap 50/500
11:41:16 INFO    null bootstrap 75/500
12:01:05 INFO    null bootstrap 100/500
12:23:17 INFO    null bootstrap 125/500
12:46:09 INFO    null bootstrap 150/500
13:06:50 INFO    null bootstrap 175/500
13:28:32 INFO    null bootstrap 200/500
14:07:36 INFO    null bootstrap 225/500
14:29:19 INFO    null bootstrap 250/500
14:50:40 INFO    null bootstrap 275/500
make: *** [fit-dev] Terminated: 15
pipeline exit 2
