22:44:43 INFO  statsbomb: 3498 matches requested, 472 cached, 3026 to fetch
22:44:56 INFO    50/3026
22:45:15 INFO    100/3026
22:45:27 INFO    150/3026
22:45:35 INFO    200/3026
22:45:43 INFO    250/3026
22:45:51 INFO    300/3026
22:45:59 INFO    350/3026
22:46:08 INFO    400/3026
22:46:20 INFO    450/3026
22:46:27 INFO    500/3026
22:46:36 INFO    550/3026
22:46:45 INFO    600/3026
22:46:56 INFO    650/3026
22:47:06 INFO    700/3026
22:47:17 INFO    750/3026
22:47:26 INFO    800/3026
22:47:36 INFO    850/3026
22:47:46 INFO    900/3026
22:47:58 INFO    950/3026
22:48:08 INFO    1000/3026
22:48:18 INFO    1050/3026
22:48:26 INFO    1100/3026
22:48:34 INFO    1150/3026
22:48:43 INFO    1200/3026
22:48:52 INFO    1250/3026
22:49:00 INFO    1300/3026
22:49:08 INFO    1350/3026
22:49:17 INFO    1400/3026
22:49:26 INFO    1450/3026
22:49:34 INFO    1500/3026
22:49:42 INFO    1550/3026
22:49:51 INFO    1600/3026
22:49:59 INFO    1650/3026
22:50:06 INFO    1700/3026
22:50:14 INFO    1750/3026
22:50:23 INFO    1800/3026
22:50:32 INFO    1850/3026
22:50:40 INFO    1900/3026
22:50:48 INFO    1950/3026
22:50:57 INFO    2000/3026
22:51:06 INFO    2050/3026
22:51:17 INFO    2100/3026
22:51:26 INFO    2150/3026
22:51:34 INFO    2200/3026
22:51:43 INFO    2250/3026
22:51:52 INFO    2300/3026
22:52:01 INFO    2350/3026
22:52:10 INFO    2400/3026
22:52:18 INFO    2450/3026
22:52:26 INFO    2500/3026
22:52:33 INFO    2550/3026
22:52:41 INFO    2600/3026
22:52:50 INFO    2650/3026
22:52:59 INFO    2700/3026
22:53:07 INFO    2750/3026
22:53:15 INFO    2800/3026
22:53:25 INFO    2850/3026
22:53:34 INFO    2900/3026
22:53:43 INFO    2950/3026
22:53:51 INFO    3000/3026
22:53:57 INFO  wrote /Users/manasganti/Fall-2026/nonlinearity/soccer/data/raw/statsbomb/events.parquet (89806 rows, 3498 matches)

=== statsbomb pull ===
{
  "path": "/Users/manasganti/Fall-2026/nonlinearity/soccer/data/raw/statsbomb/events.parquet"
}
statsbomb exit 0
