23:44:51 INFO  statsbomb: 3498 matches requested, 0 cached, 3498 to fetch
23:44:59 INFO    50/3498
23:45:07 INFO    100/3498
23:45:16 INFO    150/3498
23:45:25 INFO    200/3498
23:45:33 INFO    250/3498
23:45:42 INFO    300/3498
23:45:51 INFO    350/3498
23:46:00 INFO    400/3498
23:46:10 INFO    450/3498
23:46:19 INFO    500/3498
23:46:28 INFO    550/3498
23:46:37 INFO    600/3498
23:46:46 INFO    650/3498
23:46:55 INFO    700/3498
23:47:04 INFO    750/3498
23:47:13 INFO    800/3498
23:47:21 INFO    850/3498
23:47:31 INFO    900/3498
23:47:40 INFO    950/3498
23:47:48 INFO    1000/3498
23:47:57 INFO    1050/3498
23:48:06 INFO    1100/3498
23:48:15 INFO    1150/3498
23:48:23 INFO    1200/3498
23:48:32 INFO    1250/3498
23:48:41 INFO    1300/3498
23:48:48 INFO    1350/3498
23:48:56 INFO    1400/3498
23:49:05 INFO    1450/3498
23:49:14 INFO    1500/3498
23:49:21 INFO    1550/3498
23:49:29 INFO    1600/3498
23:49:36 INFO    1650/3498
23:49:44 INFO    1700/3498
23:49:53 INFO    1750/3498
23:50:00 INFO    1800/3498
23:50:09 INFO    1850/3498
23:50:17 INFO    1900/3498
23:50:26 INFO    1950/3498
23:50:34 INFO    2000/3498
23:50:42 INFO    2050/3498
23:50:51 INFO    2100/3498
23:51:00 INFO    2150/3498
23:51:08 INFO    2200/3498
23:51:16 INFO    2250/3498
23:51:25 INFO    2300/3498
23:51:32 INFO    2350/3498
23:51:40 INFO    2400/3498
23:51:48 INFO    2450/3498
23:51:55 INFO    2500/3498
23:52:04 INFO    2550/3498
23:52:12 INFO    2600/3498
23:52:20 INFO    2650/3498
23:52:28 INFO    2700/3498
23:52:36 INFO    2750/3498
23:52:44 INFO    2800/3498
23:52:52 INFO    2850/3498
23:53:00 INFO    2900/3498
23:53:08 INFO    2950/3498
23:53:17 INFO    3000/3498
23:53:25 INFO    3050/3498
23:53:32 INFO    3100/3498
23:53:40 INFO    3150/3498
23:53:47 INFO    3200/3498
23:53:55 INFO    3250/3498
23:54:03 INFO    3300/3498
23:54:11 INFO    3350/3498
23:54:20 INFO    3400/3498
23:54:27 INFO    3450/3498
23:54:36 INFO  wrote /Users/manasganti/Fall-2026/nonlinearity/soccer/data/raw/statsbomb/events.parquet (89806 rows, 3498 matches)

=== statsbomb pull ===
{
  "path": "/Users/manasganti/Fall-2026/nonlinearity/soccer/data/raw/statsbomb/events.parquet"
}
